ehci-hcd.c:145:12:handshake	24	static
ehci-hcd.c:189:12:ehci_td_buffer	16	static
ehci-hcd.c:234:1:ehci_submit_async	288	static
ehci-hcd.c:1076:1:disable_periodic.isra.0	8	static
ehci-hcd.c:1055:1:enable_periodic.isra.1	8	static
ehci-hcd.c:112:5:__ehci_get_port_speed	0	static
ehci-hcd.c:120:6:__ehci_set_usbmode	0	static
ehci-hcd.c:137:6:__ehci_powerup_fixup	0	static
ehci-hcd.c:595:18:ehci_get_portsc_register	0	static
ehci-hcd.c:607:1:ehci_submit_root	48	static
ehci-hcd.c:875:5:ehci_lowlevel_stop	0	static
ehci-hcd.c:890:5:ehci_lowlevel_init	40	static
ehci-hcd.c:1014:1:ehci_submit_bulk_msg	16	static
ehci-hcd.c:1026:1:ehci_submit_control_msg	24	static
ehci-hcd.c:1098:1:create_int_queue	80	static
ehci-hcd.c:1228:7:poll_int_queue	16	static
ehci-hcd.c:1257:1:destroy_int_queue	32	static
ehci-hcd.c:1302:1:ehci_submit_int_msg	40	static
