xhci-mem.c:78:13:xhci_segment_free	8	static
xhci-mem.c:122:13:xhci_free_container_ctx	8	static
xhci-mem.c:247:13:xhci_link_segments	12	static
xhci-mem.c:97:13:xhci_ring_free	16	static
xhci-mem.c:223:14:xhci_malloc_noncache	16	static
xhci-mem.c:36:6:xhci_flush_cache	8	static
xhci-mem.c:198:14:xhci_malloc	16	static
xhci-mem.c:306:29:xhci_segment_alloc	8	static
xhci-mem.c:386:4:xhci_alloc_container_ctx.isra.6	16	static
xhci-mem.c:57:6:xhci_inval_cache	8	static
xhci-mem.c:177:6:xhci_cleanup	40	static
xhci-mem.c:339:19:xhci_ring_alloc	24	static
xhci-mem.c:416:5:xhci_alloc_virt_device	24	static
xhci-mem.c:477:5:xhci_mem_init	40	static
xhci-mem.c:589:4:xhci_get_input_control_ctx	8	static
xhci-mem.c:602:23:xhci_get_slot_ctx	0	static
xhci-mem.c:620:21:xhci_get_ep_ctx	0	static
xhci-mem.c:645:6:xhci_endpoint_copy	24	static
xhci-mem.c:674:6:xhci_slot_copy	16	static
xhci-mem.c:695:6:xhci_setup_addressable_virt_dev	24	static
