board.c:257:5:__arch_cpu_init	0	static
board.c:155:12:display_banner	8	static
board.c:149:12:init_baudrate	8	static
board.c:113:13:__coloured_LED_init	0	static
board.c:116:13:__red_led_on	0	static
board.c:118:13:__red_led_off	0	static
board.c:120:13:__green_led_on	0	static
board.c:122:13:__green_led_off	0	static
board.c:124:13:__yellow_led_on	0	static
board.c:126:13:__yellow_led_off	0	static
board.c:128:13:__blue_led_on	0	static
board.c:130:13:__blue_led_off	0	static
board.c:249:6:__dram_init_banksize	0	static
board.c:595:6:set_shared_memory_for_communication_with_ACPU	16	static
board.c:636:6:board_init_r	8	static
board.c:958:6:hang	8	static
board.c:303:6:board_init_f	8	static
