div64.h:42:24:lldiv	24	static
big_int.c:8:6:init	8	static
big_int.c:24:6:move	16	static
big_int.c:37:6:move_p	16	static
big_int.c:67:5:Cmp	0	static
big_int.c:85:5:isZero	0	static
big_int.c:158:6:Sub	24	static
big_int.c:93:6:Add	20	static
big_int.c:221:6:Sub_p	4	static
big_int.c:129:6:Add_p	0	static
big_int.c:262:6:Mul	48	static
big_int.c:312:6:Mul_p	24	static
big_int.c:341:6:Div	40	static
big_int.c:403:6:Div_p	40	static
big_int.c:434:6:Mod	32	static
big_int.c:497:14:Mod_p	32	static
big_int.c:517:6:Exp_Mod	24	static
big_int.c:570:6:InPutFromAddr	16	static
big_int.c:608:6:OutPutToAddr	0	static
