mcp.c:673:12:load_otp	0	static
mcp.c:625:26:alloc_mcp_descriptor	16	static
mcp.c:524:12:do_mcp	8	static
mcp.c:71:5:swap_endian	0	static
mcp.c:82:5:reverse_rsa_signature	48	static
mcp.c:100:5:AES_CBC_decrypt	24	static
mcp.c:127:5:AES_CBC_encrypt	24	static
mcp.c:154:5:AES_ECB_decrypt	24	static
mcp.c:182:5:AES_ECB_encrypt	24	static
mcp.c:234:5:AES_hash_one	16	static
mcp.c:255:5:AES_hash	24	static
mcp.c:303:5:SHA1_hash	24	static
mcp.c:412:5:SHA256_hash	24	static
mcp.c:689:6:rtk_hexdump	32	static
mcp.c:707:6:reverse_signature	0	static
mcp.c:719:6:set_memory	0	static
mcp.c:726:6:copy_memory	8	static
mcp.c:340:5:do_RSA	272	static
mcp.c:454:5:Verify_SHA256_hash	280	static
