nand_base_rtk.c:767:12:nand_block_isbad	0	static
nand_base_rtk.c:1609:13:nand_sync	0	static
nand_base_rtk.c:1631:13:nand_select_chip	0	static
nand_base_rtk.c:773:12:nand_block_markbad	56	dynamic
nand_base_rtk.c:1857:12:rtk_update_bbt	48	static
bitops.h:12:19:generic_ffs	0	static
nand_base_rtk.c:589:13:check_BBT.isra.1	16	static
nand_base_rtk.c:610:13:dump_BBT.isra.2	32	static
nand_base_rtk.c:1276:12:nand_write_ecc	88	static
nand_base_rtk.c:1249:12:nand_write_oob	40	static
nand_base_rtk.c:1220:12:nand_write	40	static
nand_base_rtk.c:1013:12:nand_read_ecc	80	static
nand_base_rtk.c:977:12:nand_read_oob	88	static
nand_base_rtk.c:942:12:nand_read	40	static
nand_base_rtk.c:706:13:rtk_block_isbad.isra.3	40	static
nand_base_rtk.c:1791:12:rtk_create_bbt	88	dynamic
nand_base_rtk.c:1926:12:rtk_nand_scan_bbt	64	static
nand_base_rtk.c:1487:12:nand_erase	88	static
nand_base_rtk.c:283:5:check_buffer_all_one	0	static
nand_base_rtk.c:2091:5:rtk_nand_scan	120	static
nand_base_rtk.c:2515:5:nand_read_ecc_on_the_fly	88	static
nand_base_rtk.c:2696:5:nand_read_on_the_fly	48	static
