rtk_nand.c:269:6:syncPageRead	0	static
rtk_nand.c:304:6:setGPIOBit	0	static
rtk_nand.c:316:14:getGPIOBit	0	static
rtk_nand.c:330:14:getGPIORegVal	0	static
rtk_nand.c:340:5:is_jupiter_cpu	0	static
rtk_nand.c:345:5:is_saturn_cpu	0	static
rtk_nand.c:351:5:is_darwin_cpu	0	static
rtk_nand.c:358:5:is_macarthur_cpu	0	static
rtk_nand.c:364:5:is_nike_cpu	0	static
rtk_nand.c:370:5:is_venus_cpu	0	static
rtk_nand.c:376:5:is_neptune_cpu	0	static
rtk_nand.c:382:5:is_mars_cpu	0	static
rtk_nand.c:532:8:rtkNF_parse_token	24	static
rtk_nand.c:590:14:rtkNF_getWPSettingval	16	static
rtk_nand.c:604:14:rtkNF_getBootcodeSize	16	static
rtk_nand.c:615:14:rtkNF_getFactParaSize	16	static
rtk_nand.c:627:14:rtkNF_getRBAPercent	16	static
rtk_nand.c:640:6:WAIT_DONE	0	static
rtk_nand.c:2023:12:rtk_erase_block	32	static
rtk_nand.c:2821:12:rtk_write_oob	32	static
rtk_nand.c:3070:12:rtk_write_ecc_page	32	static
rtk_nand.c:2135:12:rtk_read_oob	48	static
rtk_nand.c:1400:6:rtk_set_feature_micron	32	static
rtk_nand.c:784:13:rtk_nand_read_id	24	static
rtk_nand.c:1213:6:rtk_set_terminate_toshiba	8	static
rtk_nand.c:1227:6:rtk_set_pre_condition_toshiba	16	static
rtk_nand.c:1247:6:rtk_set_ext_feature_toshiba	16	static
rtk_nand.c:1267:6:rtk_set_feature_toshiba	24	static
rtk_nand.c:1327:6:rtk_set_feature_toshiba_new	32	static
rtk_nand.c:2299:12:rtk_read_ecc_page	128	static
rtk_nand.c:2126:16:malloc_aligned	8	static
rtk_nand.c:3488:5:rtk_read_proc_nandinfo	24	static
rtk_nand.c:3533:6:endian_swap	0	static
rtk_nand.c:3656:5:board_nand_init	32	static
rtk_nand.c:3986:7:rtk_nand_exit	16	static
