eth.c:108:12:__def_eth_init	0	static
eth.c:181:13:eth_current_changed	8	static
eth.c:30:6:eth_parse_enetaddr	24	static
eth.c:42:5:eth_getenv_enetaddr	8	static
eth.c:48:5:eth_setenv_enetaddr	32	static
eth.c:57:5:eth_getenv_enetaddr_by_index	40	static
eth.c:83:6:eth_random_enetaddr	8	static
eth.c:126:20:eth_get_dev	0	static
eth.c:131:20:eth_get_dev_by_name	16	static
eth.c:153:20:eth_get_dev_by_index	0	static
eth.c:173:5:eth_get_dev_index	0	static
eth.c:197:5:eth_write_hwaddr	64	static
eth.c:232:5:eth_register	16	static
eth.c:255:5:eth_unregister	8	static
eth.c:292:5:eth_initialize	24	static
eth.c:443:6:eth_halt	8	static
eth.c:453:5:eth_send	0	static
eth.c:461:5:eth_rx	0	static
eth.c:516:6:eth_try_another	16	static
eth.c:405:5:eth_init	32	static
eth.c:543:6:eth_set_current	16	static
eth.c:570:7:eth_get_name	0	static
