net.c:547:1:startAgainTimeout	0	static
net.c:602:13:dummy_handler	0	static
net.c:264:13:net_clear_handlers	0	static
net.c:215:6:net_auto_load	8	static
net.c:552:6:NetStartAgain	16	static
net.c:608:11:net_get_udp_handler	0	static
net.c:613:6:net_set_udp_handler	0	static
net.c:622:11:net_get_arp_handler	0	static
net.c:627:6:net_set_arp_handler	0	static
net.c:637:6:net_set_icmp_handler	0	static
net.c:644:1:NetSetTimeout	16	static
net.c:1262:1:NetCksum	0	static
net.c:1255:1:NetCksumOk	8	static
net.c:915:1:NetReceive	48	static
net.c:1276:1:NetEthHdrSize	0	static
net.c:1289:1:NetSetEther	24	static
net.c:1314:5:net_update_ether	16	static
net.c:1337:6:net_set_ip_header	16	static
net.c:1358:6:net_set_udp_header	24	static
net.c:659:5:NetSendUDPPacket	40	static
net.c:1382:6:copy_filename	0	static
net.c:1408:6:ip_to_string	16	static
net.c:1418:6:VLAN_to_string	0	static
net.c:1431:8:string_to_VLAN	8	static
net.c:1446:8:getenv_VLAN	8	static
net.c:241:13:NetInitLoop	16	static
net.c:276:6:net_init	8	static
net.c:306:5:NetLoop	48	static
