cmd_boot.c:3421:12:rtk_call_bootm	8	static
cmd_boot.c:782:13:reset_shared_memory	0	static
cmd_boot.c:286:5:boot_rescue_from_usb	144	static
cmd_boot.c:421:15:do_go_exec	0	static
cmd_boot.c:594:6:get_checksum	0	static
cmd_boot.c:610:6:get_mem_layout_when_read_image	8	static
cmd_boot.c:652:5:decrypt_image	32	static
cmd_boot.c:209:5:rtk_decrypt_rescue_from_usb	200	static
cmd_boot.c:797:5:rtk_get_secure_boot_type	0	static
cmd_boot.c:910:5:rtk_plat_read_fw_image_from_USB	0	static
cmd_boot.c:1045:5:rtk_plat_get_dtb_target_address	8	static
cmd_boot.c:1098:5:rtk_preload_bootimages_spi	992	static
cmd_boot.c:1141:5:rtk_plat_read_fw_image_from_eMMC	0	static
cmd_boot.c:1685:5:rtk_plat_read_fw_image_from_SATA	88	static
cmd_boot.c:2118:5:rtk_plat_read_fw_image_from_NAND	0	static
cmd_boot.c:2500:5:rtk_plat_read_fw_image_from_SPI	0	static
cmd_boot.c:2542:7:rtk_plat_prepare_fw_image_from_USB	0	static
cmd_boot.c:2584:5:rtk_plat_prepare_fw_image_from_eMMC	0	static
cmd_boot.c:2813:5:rtk_plat_prepare_fw_image_from_SATA	64	static
cmd_boot.c:3017:5:rtk_plat_get_fw_desc_table_start	0	static
cmd_boot.c:3050:5:rtk_plat_prepare_fw_image_from_NAND	0	static
cmd_boot.c:3319:5:rtk_plat_prepare_fw_image_from_SPI	0	static
cmd_boot.c:3465:5:rtk_plat_set_fw	24	static
cmd_boot.c:3585:5:rtk_plat_do_boot_linux	8	static
cmd_boot.c:3605:6:rtk_plat_boot_handler	8	static
cmd_boot.c:426:5:do_go	24	static
cmd_boot.c:3637:5:rtk_plat_do_bootr	8	static
