fdt_support.c:985:12:of_bus_default_map	40	static
fdt_support.c:963:13:of_bus_default_count_cells	24	static
fdt_support.c:384:12:get_cells_len	8	static
fdt_support.c:1002:12:of_bus_default_translate	40	static
fdt_support.c:52:5:fdt_getprop_u32_default	16	static
fdt_support.c:81:5:fdt_find_and_setprop	32	static
fdt_support.c:151:5:fdt_initrd	72	static
fdt_support.c:217:5:fdt_chosen	48	static
fdt_support.c:301:6:do_fixup_by_path	24	static
fdt_support.c:317:6:do_fixup_by_path_u32	24	static
fdt_support.c:324:6:do_fixup_by_prop	40	static
fdt_support.c:345:6:do_fixup_by_prop_u32	24	static
fdt_support.c:353:6:do_fixup_by_compat	40	static
fdt_support.c:372:6:do_fixup_by_compat_u32	24	static
fdt_support.c:407:5:fdt_fixup_memory_banks	88	dynamic
fdt_support.c:457:5:fdt_fixup_memory	16	static
fdt_support.c:462:6:fdt_fixup_ethernet	88	static
fdt_support.c:499:5:fdt_resize	48	static
fdt_support.c:689:5:fdt_increase_size	0	static
fdt_support.c:908:6:fdt_del_node_and_alias	16	static
fdt_support.c:1089:5:__of_translate_address	120	static
fdt_support.c:1162:5:fdt_translate_address	0	static
fdt_support.c:1176:5:fdt_node_offset_by_compat_reg	32	static
fdt_support.c:1197:5:fdt_alloc_phandle	16	static
fdt_support.c:1216:5:fdt_set_phandle	40	static
fdt_support.c:1255:14:fdt_create_phandle	16	static
fdt_support.c:1285:5:fdt_set_node_status	40	static
fdt_support.c:1326:5:fdt_set_status_by_alias	16	static
fdt_support.c:1372:5:fdt_verify_alias_address	48	static
fdt_support.c:1413:5:fdt_get_base_address	24	static
