hush.c:899:13:b_reset	0	static
hush.c:938:12:static_get	0	static
hush.c:945:12:static_peek	0	static
hush.c:1147:12:file_peek	0	static
hush.c:385:13:syntax_err	0	static
hush.c:2012:12:free_pipe_list	48	static
hush.c:3270:14:xmalloc	8	static
hush.c:3281:14:xrealloc	8	static
hush.c:2540:12:done_command	16	static
hush.c:2291:12:is_assignment	0	static
hush.c:1104:12:file_get	32	static
hush.c:889:12:b_addchr	16	static
hush.c:917:12:b_addqchr	16	static
hush.c:2148:7:get_local_var	16	static
hush.c:3455:14:insert_var_value	40	static
hush.c:2170:5:set_local_var	32	static
hush.c:2261:6:unset_local_var	16	static
hush.c:2353:14:new_pipe	8	static
hush.c:2588:12:done_pipe	16	static
hush.c:2411:5:reserved_word	24	static
hush.c:2460:12:done_word	24	static
hush.c:3096:6:mapset	0	static
hush.c:3102:6:update_ifs_map	8	static
hush.c:3197:5:parse_string_outer	48	static
hush.c:1773:12:run_list_real	72	static
hush.c:3126:5:parse_stream_outer	80	static
hush.c:3226:5:parse_file_outer	32	static
hush.c:3254:5:u_boot_hush_start	16	static
