image.c:1148:13:fdt_error	8	static
image.c:171:5:image_check_hcrc	72	static
image.c:186:5:image_check_dcrc	8	static
image.c:208:7:image_multi_count	0	static
image.c:241:6:image_multi_getimg	24	static
image.c:418:5:getenv_yesno	8	static
image.c:424:7:getenv_bootm_low	8	static
image.c:441:13:getenv_bootm_size	8	static
image.c:463:13:getenv_bootm_mapsize	8	static
image.c:479:6:memmove_wd	0	static
image.c:499:6:genimg_print_size	8	static
image.c:541:7:get_table_entry_name	0	static
image.c:554:13:genimg_get_os_name	0	static
image.c:559:13:genimg_get_arch_name	0	static
image.c:565:13:genimg_get_type_name	0	static
image.c:570:13:genimg_get_comp_name	0	static
image.c:301:6:image_print_contents	40	static
image.c:590:5:get_table_entry_id	16	static
image.c:624:5:genimg_get_os_id	0	static
image.c:629:5:genimg_get_arch_id	0	static
image.c:634:5:genimg_get_type_id	0	static
image.c:639:5:genimg_get_comp_id	0	static
image.c:659:5:genimg_get_format	8	static
image.c:691:7:genimg_get_image	0	static
image.c:763:5:genimg_has_config	0	static
image.c:1068:5:boot_ramdisk_high	24	static
image.c:1243:6:boot_fdt_add_mem_rsv_regions	48	static
image.c:1278:5:boot_relocate_fdt	40	static
image.c:1832:5:fit_parse_conf	24	static
image.c:1858:5:fit_parse_subimage	24	static
image.c:2145:5:fit_get_desc	16	static
image.c:2173:5:fit_get_timestamp	16	static
image.c:2205:5:fit_image_get_node	16	static
image.c:3056:12:__fit_conf_get_prop_node	16	static
image.c:2239:5:fit_image_get_os	16	static
image.c:2271:5:fit_image_get_arch	16	static
image.c:2303:5:fit_image_get_type	16	static
image.c:2335:5:fit_image_get_comp	16	static
image.c:2366:5:fit_image_get_load	16	static
image.c:2394:5:fit_image_get_entry	16	static
image.c:2424:5:fit_image_get_data	24	static
image.c:2453:5:fit_image_hash_get_algo	16	static
image.c:2481:5:fit_image_hash_get_value	24	static
image.c:2091:6:fit_image_print_hash	40	static
image.c:1996:6:fit_image_print	56	static
image.c:2510:5:fit_set_timestamp	32	static
image.c:2753:5:fit_image_check_hashes	88	static
image.c:2841:5:fit_all_image_check_hashes	32	static
image.c:2892:5:fit_image_check_os	16	static
image.c:2914:5:fit_image_check_arch	16	static
image.c:2936:5:fit_image_check_type	16	static
image.c:2959:5:fit_image_check_comp	16	static
image.c:2979:5:fit_check_format	8	static
image.c:3021:5:fit_conf_get_node	24	static
image.c:3084:5:fit_conf_get_kernel_node	0	static
image.c:3103:5:fit_conf_get_ramdisk_node	0	static
image.c:794:5:boot_get_ramdisk	64	static
image.c:3122:5:fit_conf_get_fdt_node	0	static
image.c:1386:5:boot_get_fdt	56	static
image.c:3139:6:fit_conf_print	32	static
image.c:1887:6:fit_print_contents	32	static
