usb.c:334:1:usb_set_maxpacket_ep	4	static
usb.c:136:5:usb_stop	8	static
usb.c:159:5:usb_disable_asynch	0	static
usb.c:176:5:usb_submit_int_msg	0	static
usb.c:191:5:usb_control_msg	8280	static
usb.c:573:12:usb_get_descriptor	32	static
usb.c:742:12:usb_get_string	56	static
usb.c:778:12:usb_string_sub	32	static
usb.c:258:5:usb_bulk_msg	16	static
usb.c:284:5:usb_interrupt_msg	24	static
usb.c:313:5:usb_maxpacket	0	static
usb.c:544:5:usb_clear_halt	48	static
usb.c:587:5:usb_get_configuration_no	32	static
usb.c:641:5:usb_set_interface	40	static
usb.c:699:5:usb_set_protocol	32	static
usb.c:709:5:usb_set_idle	32	static
usb.c:719:5:usb_get_report	32	static
usb.c:731:5:usb_get_class_descriptor	32	static
usb.c:818:5:usb_string	1112	static
usb.c:878:20:usb_get_dev_index	0	static
usb.c:889:20:usb_alloc_new_device	24	static
usb.c:913:6:usb_free_device	16	static
usb.c:928:5:usb_new_device	1160	static
usb.c:57:5:usb_init	32	static
