rtk_g2c-lib.c:127:27:get_GPO	0	static
rtk_g2c-lib.c:169:27:get_GPI	0	static
rtk_g2c-lib.c:211:27:get_GPDIR	0	static
rtk_g2c-lib.c:362:13:set_sda_dir	0	static
rtk_g2c-lib.c:370:13:set_scl_dir	0	static
rtk_g2c-lib.c:254:12:g2c_sync	16	static
rtk_g2c-lib.c:391:13:set_scl_out.isra.1	0	static
rtk_g2c-lib.c:379:13:set_sda_out.constprop	0	static
rtk_g2c-lib.c:418:13:_stop	16	static
rtk_g2c-lib.c:432:13:_reset	16	static
rtk_g2c-lib.c:451:13:_start	16	static
rtk_g2c-lib.c:480:12:_write_byte	32	static
rtk_g2c-lib.c:629:6:G2C_Init	8	static
rtk_g2c-lib.c:659:6:G2C_UnInit	8	static
rtk_g2c-lib.c:686:5:G2C_Write_EX	32	static
rtk_g2c-lib.c:729:5:G2C_Read_EX	32	static
rtk_g2c-lib.c:772:5:G2C_Test_EX	8	static
rtk_g2c-lib.c:785:5:G2C_SetSpeed	8	static
rtk_g2c-lib.c:803:15:G2C_GetBusCount	0	static
