swab.h:112:48:__fswab32	0	static
libfdt.h:163:1:fdt_set_totalsize	8	static
libfdt.h:164:1:fdt_set_off_dt_struct	8	static
libfdt.h:165:1:fdt_set_off_dt_strings	8	static
fdt_sw.c:58:12:_fdt_sw_check_header	8	static
swab.h:126:48:__fswab64	16	static
libfdt_internal.h:70:27:_fdt_offset_ptr	16	static
fdt_sw.c:73:14:_fdt_grab_space	24	static
fdt_sw.c:88:5:fdt_create	16	static
fdt_sw.c:110:5:fdt_add_reservemap_entry	32	static
fdt_sw.c:133:5:fdt_finish_reservemap	16	static
fdt_sw.c:138:5:fdt_begin_node	24	static
fdt_sw.c:154:5:fdt_end_node	16	static
fdt_sw.c:191:5:fdt_property	40	static
fdt_sw.c:213:5:fdt_finish	32	static
