swab.h:112:48:__fswab32	0	static
fdt_rw.c:62:12:_fdt_blocks_misordered	24	static
libfdt_internal.h:80:47:_fdt_mem_rsv	16	static
fdt_rw.c:96:19:_fdt_data_size	16	static
libfdt.h:164:1:fdt_set_off_dt_struct	8	static
libfdt.h:165:1:fdt_set_off_dt_strings	8	static
swab.h:126:48:__fswab64	16	static
libfdt.h:171:1:fdt_set_size_dt_struct	8	static
libfdt.h:170:1:fdt_set_size_dt_strings	8	static
libfdt_internal.h:70:27:_fdt_offset_ptr	16	static
libfdt.h:163:1:fdt_set_totalsize	8	static
fdt_rw.c:101:12:_fdt_splice	32	static
fdt_rw.c:114:12:_fdt_splice_mem_rsv	24	static
fdt_rw.c:127:12:_fdt_splice_struct	24	static
fdt_rw.c:371:13:_fdt_packblocks	32	static
fdt_rw.c:74:12:_fdt_rw_check_header	16	static
fdt_rw.c:176:5:fdt_add_mem_rsv	24	static
fdt_rw.c:193:5:fdt_del_mem_rsv	24	static
fdt_rw.c:255:5:fdt_set_name	32	static
fdt_rw.c:278:5:fdt_setprop	48	static
fdt_rw.c:296:5:fdt_delprop	32	static
fdt_rw.c:311:5:fdt_add_subnode_namelen	40	static
fdt_rw.c:352:5:fdt_add_subnode	16	static
fdt_rw.c:357:5:fdt_del_node	24	static
fdt_rw.c:393:5:fdt_open_into	40	static
fdt_rw.c:457:5:fdt_pack	16	static
