vsprintf.c:197:14:put_dec_trunc	16	static
vsprintf.c:275:23:put_dec	40	static
vsprintf.c:403:14:string.isra.0	16	static
vsprintf.c:308:14:number.isra.4	120	static
vsprintf.c:540:12:vsnprintf_internal.isra.6	112	static
vsprintf.c:43:15:simple_strtoul	12	static
vsprintf.c:70:5:strict_strtoul	32	static
vsprintf.c:94:6:simple_strtol	8	static
vsprintf.c:101:5:ustrtoul	8	static
vsprintf.c:147:20:simple_strtoull	32	static
vsprintf.c:124:20:ustrtoull	8	static
vsprintf.c:787:5:vsprintf	0	static
vsprintf.c:792:5:sprintf	12	static
vsprintf.c:803:6:panic	16	static
vsprintf.c:820:6:__assert_fail	16	static
vsprintf.c:828:7:simple_itoa	0	static
vsprintf.c:845:5:printn	40	static
vsprintf.c:868:5:sprintn	40	static
