rtd1195_power.c:48:6:SDIO_power_off	0	static
rtd1195_power.c:56:6:GSPI_power_off	0	static
rtd1195_power.c:64:6:eMMC_power_off	0	static
rtd1195_power.c:73:6:CardReader_power_off	0	static
rtd1195_power.c:82:6:CP_RNG_power_off	0	static
rtd1195_power.c:91:6:MD_power_off	0	static
rtd1195_power.c:99:6:AE_power_off	0	static
rtd1195_power.c:106:6:VCPU_VE1_VE2_GPU_power_off	0	static
rtd1195_power.c:120:6:VO_TVE_power_off	0	static
rtd1195_power.c:132:6:VideoDAC_A_power_off	0	static
rtd1195_power.c:141:6:TP_power_off	0	static
rtd1195_power.c:149:6:SE_power_off	0	static
rtd1195_power.c:157:6:HDMITx_power_off	0	static
rtd1195_power.c:169:6:Audio_I2S_power_off	0	static
rtd1195_power.c:176:6:AudioDAC_power_off	0	static
rtd1195_power.c:185:6:SPDIF_power_off	0	static
rtd1195_power.c:192:6:HDMIRx_power_off	0	static
rtd1195_power.c:201:6:LVDS_power_off	0	static
rtd1195_power.c:210:6:MIPI_power_off	0	static
rtd1195_power.c:218:6:LSADC_power_off	0	static
rtd1195_power.c:225:6:ALL_AV_power_off	0	static
rtd1195_power.c:234:6:ETN_power_off	0	static
rtd1195_power.c:246:6:VFD_power_off	0	static
rtd1195_power.c:254:6:CBUS_power_off	0	static
rtd1195_power.c:264:6:CEC_power_off	0	static
rtd1195_power.c:275:6:IR_power_off	0	static
rtd1195_power.c:280:6:Enhance_Wifi_storage	0	static
rtd1195_power.c:302:6:RTK_set_power_saving_config	40	static
rtd1195_power.c:422:6:RTK_power_saving	0	static
